 DAn

 Timestamp is 4a9e28d6 (Wed Sep 02 17:12:06 2009)

 Preferred load address is 10000000

 Start         Length     Name                   Class
 0001:00000000 0000a563H .text                   CODE
 0001:0000a570 00001017H .text$x                 CODE
 0001:0000b587 00010009H .textbss                CODE
 0002:00000000 0000078eH .rdata                  DATA
 0002:00000790 000001ebH .rdata$r                DATA
 0002:00000980 00000130H .xdata$x                DATA
 0002:00000ab0 000001d0H .edata                  DATA
 0003:00000000 00000104H .CRT$XCA                DATA
 0003:00000104 00000104H .CRT$XCL                DATA
 0003:00000208 00000104H .CRT$XCU                DATA
 0003:0000030c 00000104H .CRT$XCZ                DATA
 0003:00000410 00000104H .CRT$XIA                DATA
 0003:00000514 00000104H .CRT$XIZ                DATA
 0003:00000620 0000035eH .data                   DATA
 0003:00000980 00001614H .bss                    DATA
 0004:00000000 00000050H .idata$2                DATA
 0004:00000050 00000014H .idata$3                DATA
 0004:00000064 0000026cH .idata$4                DATA
 0004:000002d0 0000026cH .idata$5                DATA
 0004:0000053c 000002dbH .idata$6                DATA
 0005:00000000 00000169H .rsrc$01                DATA
 0005:00000170 00000550H .rsrc$02                DATA

  Address         Publics by Value              Rva+Base     Lib:Object

 0001:000000f0       ?_GetBaseMessageMap@CCDanApp@@KGPBUAFX_MSGMAP@@XZ 100010f0 f   CDan.obj
 0001:00000110       ?GetMessageMap@CCDanApp@@MBEPBUAFX_MSGMAP@@XZ 10001110 f   CDan.obj
 0001:00000130       ??0CCDanApp@@QAE@XZ        10001130 f   CDan.obj
 0001:00000170       ??_GCCDanApp@@UAEPAXI@Z    10001170 f i CDan.obj
 0001:00000170       ??_ECCDanApp@@UAEPAXI@Z    10001170 f i CDan.obj
 0001:000001b0       ??1CCDanApp@@UAE@XZ        100011b0 f i CDan.obj
 0001:00000270       _GetTimeInformation        10001270 f   CDan.obj
 0001:00000440       _GetDeltaEventTime         10001440 f   CDan.obj
 0001:00000510       _GetEventTime              10001510 f   CDan.obj
 0001:000005b0       _CorrectEventDataPosistion 100015b0 f   CDan.obj
 0001:000006a0       _CorrectGP1NDL             100016a0 f   CDan.obj
 0001:00000760       ?RotateXY@@YAXNNNHNNAAN0@Z 10001760 f   DanUtilities.obj
 0001:00000870       ?OrthoToRPhi@@YAXNNHNNAAN0@Z 10001870 f   DanUtilities.obj
 0001:00000a10       ?tof@@YANNNNN@Z            10001a10 f   SoftwareDependent.obj
 0001:00000b30       ?find_pz@@YAXNNNAAN@Z      10001b30 f   SoftwareDependent.obj
 0001:00000db0       ?find_pz_z@@YAXPBN00AANPANH@Z 10001db0 f   SoftwareDependent.obj
 0001:00002170       ?electof@@YANN@Z           10003170 f   SoftwareDependent.obj
 0001:00002210       ?find_elec_pz@@YAXNNAAN@Z  10003210 f   SoftwareDependent.obj
 0001:00002420       _AnalysisGetInformationString 10003420 f   SoftwareDependent.obj
 0001:00002440       _AnalysisInitialize        10003440 f   SoftwareDependent.obj
 0001:00002f80       _AnalysisProcessEvent      10003f80 f   SoftwareDependent.obj
 0001:00008550       _AnalysisFinalize          10009550 f   SoftwareDependent.obj
 0001:00008992       ?GetAt@CDoubleArray@@QBENH@Z 10009992 f   Cobold:Cobold.dll
 0001:00008998       ?SetAt@CDoubleArray@@QAEXHN@Z 10009998 f   Cobold:Cobold.dll
 0001:0000899e       ?GetSize@CDoubleArray@@QBEHXZ 1000999e f   Cobold:Cobold.dll
 0001:000089a4       ?WinHelpA@CWinApp@@UAEXKI@Z 100099a4 f   mfc42d:MFC42D.DLL
 0001:000089aa       ?OnDDECommand@CWinApp@@UAEHPAD@Z 100099aa f   mfc42d:MFC42D.DLL
 0001:000089b0       ?DoWaitCursor@CWinApp@@UAEXH@Z 100099b0 f   mfc42d:MFC42D.DLL
 0001:000089b6       ?DoMessageBox@CWinApp@@UAEHPBDII@Z 100099b6 f   mfc42d:MFC42D.DLL
 0001:000089bc       ?SaveAllModified@CWinApp@@UAEHXZ 100099bc f   mfc42d:MFC42D.DLL
 0001:000089c2       ?InitApplication@CWinApp@@UAEHXZ 100099c2 f   mfc42d:MFC42D.DLL
 0001:000089c8       ?AddToRecentFileList@CWinApp@@UAEXPBD@Z 100099c8 f   mfc42d:MFC42D.DLL
 0001:000089ce       ?OpenDocumentFile@CWinApp@@UAEPAVCDocument@@PBD@Z 100099ce f   mfc42d:MFC42D.DLL
 0001:000089d4       ?Delete@CWinThread@@UAEXXZ 100099d4 f   mfc42d:MFC42D.DLL
 0001:000089da       ?GetMainWnd@CWinThread@@UAEPAVCWnd@@XZ 100099da f   mfc42d:MFC42D.DLL
 0001:000089e0       ?ProcessMessageFilter@CWinThread@@UAEHHPAUtagMSG@@@Z 100099e0 f   mfc42d:MFC42D.DLL
 0001:000089e6       ?ProcessWndProcException@CWinApp@@UAEJPAVCException@@PBUtagMSG@@@Z 100099e6 f   mfc42d:MFC42D.DLL
 0001:000089ec       ?ExitInstance@CWinApp@@UAEHXZ 100099ec f   mfc42d:MFC42D.DLL
 0001:000089f2       ?IsIdleMessage@CWinThread@@UAEHPAUtagMSG@@@Z 100099f2 f   mfc42d:MFC42D.DLL
 0001:000089f8       ?OnIdle@CWinApp@@UAEHJ@Z   100099f8 f   mfc42d:MFC42D.DLL
 0001:000089fe       ?PumpMessage@CWinThread@@UAEHXZ 100099fe f   mfc42d:MFC42D.DLL
 0001:00008a04       ?PreTranslateMessage@CWinThread@@UAEHPAUtagMSG@@@Z 10009a04 f   mfc42d:MFC42D.DLL
 0001:00008a0a       ?Run@CWinApp@@UAEHXZ       10009a0a f   mfc42d:MFC42D.DLL
 0001:00008a10       ?InitInstance@CWinApp@@UAEHXZ 10009a10 f   mfc42d:MFC42D.DLL
 0001:00008a16       ?GetConnectionHook@CCmdTarget@@MAEPAUIConnectionPoint@@ABU_GUID@@@Z 10009a16 f   mfc42d:MFC42D.DLL
 0001:00008a1c       ?GetExtraConnectionPoints@CCmdTarget@@MAEHPAVCPtrArray@@@Z 10009a1c f   mfc42d:MFC42D.DLL
 0001:00008a22       ?GetInterfaceHook@CCmdTarget@@UAEPAUIUnknown@@PBX@Z 10009a22 f   mfc42d:MFC42D.DLL
 0001:00008a28       ?OnCreateAggregates@CCmdTarget@@UAEHXZ 10009a28 f   mfc42d:MFC42D.DLL
 0001:00008a2e       ?GetEventSinkMap@CCmdTarget@@MBEPBUAFX_EVENTSINKMAP@@XZ 10009a2e f   mfc42d:MFC42D.DLL
 0001:00008a34       ?GetInterfaceMap@CCmdTarget@@MBEPBUAFX_INTERFACEMAP@@XZ 10009a34 f   mfc42d:MFC42D.DLL
 0001:00008a3a       ?GetConnectionMap@CCmdTarget@@MBEPBUAFX_CONNECTIONMAP@@XZ 10009a3a f   mfc42d:MFC42D.DLL
 0001:00008a40       ?GetDispatchMap@CCmdTarget@@MBEPBUAFX_DISPMAP@@XZ 10009a40 f   mfc42d:MFC42D.DLL
 0001:00008a46       ?GetCommandMap@CCmdTarget@@MBEPBUAFX_OLECMDMAP@@XZ 10009a46 f   mfc42d:MFC42D.DLL
 0001:00008a4c       ?GetTypeLib@CCmdTarget@@UAEJKPAPAUITypeLib@@@Z 10009a4c f   mfc42d:MFC42D.DLL
 0001:00008a52       ?GetTypeLibCache@CCmdTarget@@UAEPAVCTypeLibCache@@XZ 10009a52 f   mfc42d:MFC42D.DLL
 0001:00008a58       ?GetTypeInfoCount@CCmdTarget@@UAEIXZ 10009a58 f   mfc42d:MFC42D.DLL
 0001:00008a5e       ?GetDispatchIID@CCmdTarget@@UAEHPAU_GUID@@@Z 10009a5e f   mfc42d:MFC42D.DLL
 0001:00008a64       ?IsInvokeAllowed@CCmdTarget@@UAEHJ@Z 10009a64 f   mfc42d:MFC42D.DLL
 0001:00008a6a       ?OnFinalRelease@CCmdTarget@@UAEXXZ 10009a6a f   mfc42d:MFC42D.DLL
 0001:00008a70       ?OnCmdMsg@CCmdTarget@@UAEHIHPAXPAUAFX_CMDHANDLERINFO@@@Z 10009a70 f   mfc42d:MFC42D.DLL
 0001:00008a76       ?Dump@CWinApp@@UBEXAAVCDumpContext@@@Z 10009a76 f   mfc42d:MFC42D.DLL
 0001:00008a7c       ?AssertValid@CWinApp@@UBEXXZ 10009a7c f   mfc42d:MFC42D.DLL
 0001:00008a82       ?Serialize@CObject@@UAEXAAVCArchive@@@Z 10009a82 f   mfc42d:MFC42D.DLL
 0001:00008a88       ?GetRuntimeClass@CWinApp@@UBEPAUCRuntimeClass@@XZ 10009a88 f   mfc42d:MFC42D.DLL
 0001:00008a8e       ??0CWinApp@@QAE@PBD@Z      10009a8e f   mfc42d:MFC42D.DLL
 0001:00008a94       ??3CObject@@SGXPAX@Z       10009a94 f   mfc42d:MFC42D.DLL
 0001:00008a9a       ??1CWinApp@@UAE@XZ         10009a9a f   mfc42d:MFC42D.DLL
 0001:00008ac0       ??0_AFX_DLL_MODULE_STATE@@QAE@XZ 10009ac0 f i mfcs42d:dllmodul.obj
 0001:00008af0       ??_G_AFX_DLL_MODULE_STATE@@UAEPAXI@Z 10009af0 f i mfcs42d:dllmodul.obj
 0001:00008af0       ??_E_AFX_DLL_MODULE_STATE@@UAEPAXI@Z 10009af0 f i mfcs42d:dllmodul.obj
 0001:00008b20       ??1_AFX_DLL_MODULE_STATE@@UAE@XZ 10009b20 f i mfcs42d:dllmodul.obj
 0001:00008b70       ?AfxWndProcDllStatic@@YGJPAUHWND__@@IIJ@Z 10009b70 f   mfcs42d:dllmodul.obj
 0001:00008be0       ?AfxGetStaticModuleState@@YGPAVAFX_MODULE_STATE@@XZ 10009be0 f   mfcs42d:dllmodul.obj
 0001:00008c00       _DllMain@12                10009c00 f   mfcs42d:dllmodul.obj
 0001:00008e60       _RawDllMain@12             10009e60 f   mfcs42d:dllmodul.obj
 0001:00008f00       __onexit                   10009f00 f   msvcrtd:atonexit.obj
 0001:00008f40       _atexit                    10009f40 f   msvcrtd:atonexit.obj
 0001:00008f60       __ftol                     10009f60 f   msvcrtd:MSVCRTD.dll
 0001:00008f66       _rand                      10009f66 f   msvcrtd:MSVCRTD.dll
 0001:00008f6c       _fmod                      10009f6c f   msvcrtd:MSVCRTD.dll
 0001:00008f72       _cos                       10009f72 f   msvcrtd:MSVCRTD.dll
 0001:00008f78       _sin                       10009f78 f   msvcrtd:MSVCRTD.dll
 0001:00008f7e       _acos                      10009f7e f   msvcrtd:MSVCRTD.dll
 0001:00008f84       _fabs                      10009f84 f   msvcrtd:MSVCRTD.dll
 0001:00008f8a       _sqrt                      10009f8a f   msvcrtd:MSVCRTD.dll
 0001:00008f90       _abs                       10009f90 f   msvcrtd:MSVCRTD.dll
 0001:00008f96       _fscanf                    10009f96 f   msvcrtd:MSVCRTD.dll
 0001:00008f9c       _fclose                    10009f9c f   msvcrtd:MSVCRTD.dll
 0001:00008fa2       _fprintf                   10009fa2 f   msvcrtd:MSVCRTD.dll
 0001:00008fa8       _fopen                     10009fa8 f   msvcrtd:MSVCRTD.dll
 0001:00008fae       _fwrite                    10009fae f   msvcrtd:MSVCRTD.dll
 0001:00008fb4       _atan2                     10009fb4 f   msvcrtd:MSVCRTD.dll
 0001:00008fc0       __alloca_probe             10009fc0 f   msvcrtd:chkstk.obj
 0001:00008fc0       __chkstk                   10009fc0 f   msvcrtd:chkstk.obj
 0001:00008ff0       __CRT_INIT@12              10009ff0 f   msvcrtd:crtdll.obj
 0001:00009100       __DllMainCRTStartup@12     1000a100 f   msvcrtd:crtdll.obj
 0001:00009200       ??0type_info@@AAE@ABV0@@Z  1000a200 f   msvcrtd:ti_inst.obj
 0001:00009220       ??_Etype_info@@UAEPAXI@Z   1000a220 f i msvcrtd:ti_inst.obj
 0001:00009220       ??_Gtype_info@@UAEPAXI@Z   1000a220 f i msvcrtd:ti_inst.obj
 0001:00009250       ??4type_info@@AAEAAV0@ABV0@@Z 1000a250 f   msvcrtd:ti_inst.obj
 0001:00009260       ___CxxFrameHandler         1000a260 f   msvcrtd:MSVCRTD.dll
 0001:00009266       ___dllonexit               1000a266 f   msvcrtd:MSVCRTD.dll
 0001:0000926c       __free_dbg                 1000a26c f   msvcrtd:MSVCRTD.dll
 0001:00009272       __initterm                 1000a272 f   msvcrtd:MSVCRTD.dll
 0001:00009278       __malloc_dbg               1000a278 f   msvcrtd:MSVCRTD.dll
 0001:0000927e       ??3@YAXPAX@Z               1000a27e f   msvcrtd:MSVCRTD.dll
 0001:00009284       ??1type_info@@UAE@XZ       1000a284 f   msvcrtd:MSVCRTD.dll
 0001:0000928a       _LocalFree@4               1000a28a f   kernel32:KERNEL32.dll
 0001:00009290       _LocalAlloc@8              1000a290 f   kernel32:KERNEL32.dll
 0001:00009296       ??0AFX_MODULE_STATE@@QAE@HP6GJPAUHWND__@@IIJ@ZK@Z 1000a296 f   mfc42d:MFC42D.DLL
 0001:0000929c       ??3CNoTrackObject@@SGXPAX@Z 1000a29c f   mfc42d:MFC42D.DLL
 0001:000092a2       ??1AFX_MODULE_STATE@@UAE@XZ 1000a2a2 f   mfc42d:MFC42D.DLL
 0001:000092a8       ??1AFX_MAINTAIN_STATE2@@QAE@XZ 1000a2a8 f   mfc42d:MFC42D.DLL
 0001:000092ae       ?AfxWndProc@@YGJPAUHWND__@@IIJ@Z 1000a2ae f   mfc42d:MFC42D.DLL
 0001:000092b4       ??0AFX_MAINTAIN_STATE2@@QAE@PAVAFX_MODULE_STATE@@@Z 1000a2b4 f   mfc42d:MFC42D.DLL
 0001:000092ba       ?AfxTermThread@@YGXPAUHINSTANCE__@@@Z 1000a2ba f   mfc42d:MFC42D.DLL
 0001:000092c0       ?AfxTermExtensionModule@@YGXAAUAFX_EXTENSION_MODULE@@H@Z 1000a2c0 f   mfc42d:MFC42D.DLL
 0001:000092c6       ?AfxUnlockTempMaps@@YGHH@Z 1000a2c6 f   mfc42d:MFC42D.DLL
 0001:000092cc       ?AfxLockTempMaps@@YGXXZ    1000a2cc f   mfc42d:MFC42D.DLL
 0001:000092d2       ?AfxTrace@@YAXPBDZZ        1000a2d2 f   mfc42d:MFC42D.DLL
 0001:000092d8       ?AfxGetModuleThreadState@@YGPAVAFX_MODULE_THREAD_STATE@@XZ 1000a2d8 f   mfc42d:MFC42D.DLL
 0001:000092de       ?AfxSetModuleState@@YGPAVAFX_MODULE_STATE@@PAV1@@Z 1000a2de f   mfc42d:MFC42D.DLL
 0001:000092e4       ??0CDynLinkLibrary@@QAE@AAUAFX_EXTENSION_MODULE@@H@Z 1000a2e4 f   mfc42d:MFC42D.DLL
 0001:000092ea       ??2CObject@@SGPAXIPBDH@Z   1000a2ea f   mfc42d:MFC42D.DLL
 0001:000092f0       ?AfxAssertFailedLine@@YGHPBDH@Z 1000a2f0 f   mfc42d:MFC42D.DLL
 0001:000092f6       ?AfxInitExtensionModule@@YGHAAUAFX_EXTENSION_MODULE@@PAUHINSTANCE__@@@Z 1000a2f6 f   mfc42d:MFC42D.DLL
 0001:000092fc       ?AfxGetApp@@YGPAVCWinApp@@XZ 1000a2fc f   mfc42d:MFC42D.DLL
 0001:00009302       ?AfxWinTerm@@YGXXZ         1000a302 f   mfc42d:MFC42D.DLL
 0001:00009308       ?AfxWinInit@@YGHPAUHINSTANCE__@@0PADH@Z 1000a308 f   mfc42d:MFC42D.DLL
 0001:0000930e       ?AfxGetThreadState@@YGPAV_AFX_THREAD_STATE@@XZ 1000a30e f   mfc42d:MFC42D.DLL
 0001:00009314       ?AfxCoreInitModule@@YGXXZ  1000a314 f   mfc42d:MFC42D.DLL
 0001:0000b590       __enc$textbss$begin        1000c590     <linker-defined>
 0001:0001b590       __enc$textbss$end          1001c590     <linker-defined>
 0002:00000020       ?messageMap@CCDanApp@@1UAFX_MSGMAP@@B 1001d020     CDan.obj
 0002:00000028       ?_messageEntries@CCDanApp@@0QBUAFX_MSGMAP_ENTRY@@B 1001d028     CDan.obj
 0002:00000048       ??_7CCDanApp@@6B@          1001d048     CDan.obj
 0002:00000110       __real@8@3ffbccccccccccccd000 1001d110     CDan.obj
 0002:00000120       __real@8@00000000000000000000 1001d120     CDan.obj
 0002:00000130       __real@8@3fff8000000000000000 1001d130     CDan.obj
 0002:00000140       __real@8@400dfffe000000000000 1001d140     CDan.obj
 0002:00000150       __real@8@4000c90fdaa22168c000 1001d150     DanUtilities.obj
 0002:00000160       __real@8@4006b400000000000000 1001d160     DanUtilities.obj
 0002:00000170       __real@8@bfff8000000000000000 1001d170     DanUtilities.obj
 0002:00000180       __real@8@4007b400000000000000 1001d180     DanUtilities.obj
 0002:00000190       __real@8@40088d5f25b9ff7da800 1001d190     DanUtilities.obj
 0002:000001a0       __real@8@4001c90fdaa22168c000 1001d1a0     DanUtilities.obj
 0002:000001b0       __real@8@3fcd901d7cf73ab0b000 1001d1b0     DanUtilities.obj
 0002:00000200       __real@8@40008000000000000000 1001d200     SoftwareDependent.obj
 0002:00000210       __real@8@3ff8a3d70a3d70a3d800 1001d210     SoftwareDependent.obj
 0002:00000220       __real@8@3ffcccccccccccccd000 1001d220     SoftwareDependent.obj
 0002:00000230       __real@8@3ff0d1b71758e2196800 1001d230     SoftwareDependent.obj
 0002:0000023c       ??_C@_0BM@OAHI@CAMAC?5for?5CoboldPC?56?42?40?481?$AA@ 1001d23c     SoftwareDependent.obj
 0002:00000260       ??_C@_0L@GNEI@SelLuc?4dat?$AA@ 1001d260     SoftwareDependent.obj
 0002:00000270       ??_C@_02MLFD@ab?$AA@       1001d270     SoftwareDependent.obj
 0002:00000274       ??_C@_07MGFK@?$CFlf?5?$CFlf?$AA@ 1001d274     SoftwareDependent.obj
 0002:00000280       ??_C@_0O@HCCG@angle_cor?4dat?$AA@ 1001d280     SoftwareDependent.obj
 0002:00000290       ??_C@_02MMAH@rt?$AA@       1001d290     SoftwareDependent.obj
 0002:00000294       ??_C@_0BB@BNNI@?$CF12?410f?5?5?$CF12?410f?$AA@ 1001d294     SoftwareDependent.obj
 0002:000002a8       ??_C@_07PMCA@com?4dat?$AA@ 1001d2a8     SoftwareDependent.obj
 0002:000002b4       ??_C@_02IAAH@wt?$AA@       1001d2b4     SoftwareDependent.obj
 0002:000002b8       __real@8@4012f424000000000000 1001d2b8     SoftwareDependent.obj
 0002:000002c8       __real@8@3ff1d1b71758e2196800 1001d2c8     SoftwareDependent.obj
 0002:000002d8       __real@8@3ff583126e978d4fe000 1001d2d8     SoftwareDependent.obj
 0002:000002e8       __real@8@3fe189705f4136b4a800 1001d2e8     SoftwareDependent.obj
 0002:000002f8       __real@8@3ffee666666666666800 1001d2f8     SoftwareDependent.obj
 0002:00000308       __real@8@401cee6b280000000000 1001d308     SoftwareDependent.obj
 0002:00000318       __real@8@bffdae147ae147ae1800 1001d318     SoftwareDependent.obj
 0002:00000328       __real@8@3ffdae147ae147ae1800 1001d328     SoftwareDependent.obj
 0002:00000338       __real@8@bffef0a3d70a3d70a000 1001d338     SoftwareDependent.obj
 0002:00000348       __real@8@3ffef0a3d70a3d70a000 1001d348     SoftwareDependent.obj
 0002:00000358       __real@8@3feb8637bd05af6c6800 1001d358     SoftwareDependent.obj
 0002:00000368       __real@8@3fe4abcc77118461d000 1001d368     SoftwareDependent.obj
 0002:00000378       __real@8@4003a000000000000000 1001d378     SoftwareDependent.obj
 0002:00000388       __real@8@4004f000000000000000 1001d388     SoftwareDependent.obj
 0002:00000398       __real@8@4005f000000000000000 1001d398     SoftwareDependent.obj
 0002:000003a8       __real@8@c00c9ab0000000000000 1001d3a8     SoftwareDependent.obj
 0002:000003b8       __real@8@4009f780000000000000 1001d3b8     SoftwareDependent.obj
 0002:000003c8       __real@8@3ffe8000000000000000 1001d3c8     SoftwareDependent.obj
 0002:000003d8       __real@8@4005c800000000000000 1001d3d8     SoftwareDependent.obj
 0002:000003e8       __real@8@4009fa00000000000000 1001d3e8     SoftwareDependent.obj
 0002:000003f8       __real@8@400cea60000000000000 1001d3f8     SoftwareDependent.obj
 0002:00000408       __real@8@4008fa00000000000000 1001d408     SoftwareDependent.obj
 0002:00000414       ??_C@_01BJG@?6?$AA@        1001d414     SoftwareDependent.obj
 0002:00000418       ??_C@_0BF@PCHB@?$CF12?410f?5?7?5?5?$CF12?410f?5?6?$AA@ 1001d418     SoftwareDependent.obj
 0002:00000438       __real@8@404bdc3a8351f3d86800 1001d438     SoftwareDependent.obj
 0002:00000448       __real@8@4004c800000000000000 1001d448     SoftwareDependent.obj
 0002:00000454       ??_C@_09BFGB@tcion?4dat?$AA@ 1001d454     SoftwareDependent.obj
 0002:00000460       ??_C@_0BE@LDCE@lEventCounter?5?$DN?5?$CFu?6?$AA@ 1001d460     SoftwareDependent.obj
 0002:00000478       ??_C@_0BB@NFFJ@atan2?$CI0?01?$CJ?5?$DN?5?$CFf?6?$AA@ 1001d478     SoftwareDependent.obj
 0002:0000048c       ??_C@_0BB@BCLF@atan2?$CI1?00?$CJ?5?$DN?5?$CFf?6?$AA@ 1001d48c     SoftwareDependent.obj
 0002:000004a0       ??_C@_0BF@CNMD@dTcyc?5?$DN?5?$CF12?410f?5ns?5?6?$AA@ 1001d4a0     SoftwareDependent.obj
 0002:000004bc       ??_C@_0BE@CJFJ@Telec?5?$DN?5?$CF12?410f?5ns?6?$AA@ 1001d4bc     SoftwareDependent.obj
 0002:000004d4       ??_C@_0BI@LCCF@Tion2?$CIz0?$CJ?5?$DN?5?$CF12?410f?5ns?6?$AA@ 1001d4d4     SoftwareDependent.obj
 0002:000004f0       ??_C@_0BI@LABL@Tion1?$CIz0?$CJ?5?$DN?5?$CF12?410f?5ns?6?$AA@ 1001d4f0     SoftwareDependent.obj
 0002:0000050c       ??_C@_0BE@OBKJ@Tion2?5?$DN?5?$CF12?410f?5ns?6?$AA@ 1001d50c     SoftwareDependent.obj
 0002:00000524       ??_C@_0BE@KGEJ@Tion1?5?$DN?5?$CF12?410f?5ns?6?$AA@ 1001d524     SoftwareDependent.obj
 0002:0000053c       ??_C@_06HAFE@tc?4dat?$AA@  1001d53c     SoftwareDependent.obj
 0002:00000548       ??_7_AFX_DLL_MODULE_STATE@@6B@ 1001d548     mfcs42d:dllmodul.obj
 0002:0000054c       ??_C@_0CO@PDHE@Warning?3?5Temp?5map?5lock?5count?5non@ 1001d54c     mfcs42d:dllmodul.obj
 0002:0000057c       ??_C@_00A@?$AA@            1001d57c     mfcs42d:dllmodul.obj
 0002:00000580       _IID_IDocHostUIHandlerDispatch 1001d580     mfcs42d:stdafx.obj
 0002:00000590       _IID_IInternalConnection   1001d590     mfcs42d:stdafx.obj
 0002:000005a0       _IID_IAxWinAmbientDispatch 1001d5a0     mfcs42d:stdafx.obj
 0002:000005b0       _IID_IAxWinHostWindow      1001d5b0     mfcs42d:stdafx.obj
 0002:000005c0       _IID_IRegistrar            1001d5c0     mfcs42d:stdafx.obj
 0002:000005d0       _CLSID_Registrar           1001d5d0     mfcs42d:stdafx.obj
 0002:000005e0       _LIBID_ATLLib              1001d5e0     mfcs42d:stdafx.obj
 0002:000005f0       ??_C@_08JKC@crtdll?4c?$AA@ 1001d5f0     msvcrtd:crtdll.obj
 0002:00000600       ??_7type_info@@6B@         1001d600     msvcrtd:ti_inst.obj
 0002:00000790       ??_R1A@?0A@A@CNoTrackObject@@8 1001d790     mfcs42d:dllmodul.obj
 0002:000007a8       ??_R1A@?0A@A@AFX_MODULE_STATE@@8 1001d7a8     mfcs42d:dllmodul.obj
 0002:000007c0       ??_R1A@?0A@A@_AFX_DLL_MODULE_STATE@@8 1001d7c0     mfcs42d:dllmodul.obj
 0002:000007d8       ??_R2_AFX_DLL_MODULE_STATE@@8 1001d7d8     mfcs42d:dllmodul.obj
 0002:000007e8       ??_R3_AFX_DLL_MODULE_STATE@@8 1001d7e8     mfcs42d:dllmodul.obj
 0002:000007f8       ??_R4_AFX_DLL_MODULE_STATE@@6B@ 1001d7f8     mfcs42d:dllmodul.obj
 0002:00000810       ??_R1A@?0A@A@type_info@@8  1001d810     msvcrtd:ti_inst.obj
 0002:00000828       ??_R2type_info@@8          1001d828     msvcrtd:ti_inst.obj
 0002:00000830       ??_R3type_info@@8          1001d830     msvcrtd:ti_inst.obj
 0002:00000840       ??_R4type_info@@6B@        1001d840     msvcrtd:ti_inst.obj
 0003:00000000       ___xc_a                    1001e000     msvcrtd:cinitexe.obj
 0003:0000030c       ___xc_z                    1001e30c     msvcrtd:cinitexe.obj
 0003:00000410       ___xi_a                    1001e410     msvcrtd:cinitexe.obj
 0003:00000514       ___xi_z                    1001e514     msvcrtd:cinitexe.obj
 0003:000007b8       __pRawDllMain              1001e7b8     mfcs42d:dllmodul.obj
 0003:000007c0       ??_R0?AVCNoTrackObject@@@8 1001e7c0     mfcs42d:dllmodul.obj
 0003:000007e0       ??_R0?AVAFX_MODULE_STATE@@@8 1001e7e0     mfcs42d:dllmodul.obj
 0003:00000800       ??_R0?AV_AFX_DLL_MODULE_STATE@@@8 1001e800     mfcs42d:dllmodul.obj
 0003:00000828       ?GUID_ATLVer30@ATL@@3U_GUID@@A 1001e828     mfcs42d:stdafx.obj
 0003:00000840       ??_R0?AVtype_info@@@8      1001e840     msvcrtd:ti_inst.obj
 0003:00000980       __dStartEventTime          1001e980     CDan.obj
 0003:00000988       __dOldEventTime            1001e988     CDan.obj
 0003:00000990       ?theApp@@3VCCDanApp@@A     1001e990     CDan.obj
 0003:00000a88       ?lEventCounter@@3KA        1001ea88     SoftwareDependent.obj
 0003:00000a90       ?elecnnPzLimit@@3NA        1001ea90     SoftwareDependent.obj
 0003:00000a98       ?elcPsiLim@@3NA            1001ea98     SoftwareDependent.obj
 0003:00000aa0       ?elcEngMax@@3NA            1001eaa0     SoftwareDependent.obj
 0003:00000aa8       ?elcEngMin@@3NA            1001eaa8     SoftwareDependent.obj
 0003:00000ab0       ?ionEngMax@@3NA            1001eab0     SoftwareDependent.obj
 0003:00000ab8       ?ionEngMin@@3NA            1001eab8     SoftwareDependent.obj
 0003:00000ac0       ?dMass@@3PANA              1001eac0     SoftwareDependent.obj
 0003:00000ae0       ?dCharge@@3PANA            1001eae0     SoftwareDependent.obj
 0003:00000b00       ?dJet@@3NA                 1001eb00     SoftwareDependent.obj
 0003:00000b08       ?dPosi_cor@@3PANA          1001eb08     SoftwareDependent.obj
 0003:00000ba8       ?dAngle_Width@@3NA         1001eba8     SoftwareDependent.obj
 0003:00000bb0       ?dCOM_y_e_tan@@3NA         1001ebb0     SoftwareDependent.obj
 0003:00000bb8       ?dCOM_x_e_tan@@3NA         1001ebb8     SoftwareDependent.obj
 0003:00000bc0       ?dY_cor@@3NA               1001ebc0     SoftwareDependent.obj
 0003:00000bc8       ?dX_cor@@3NA               1001ebc8     SoftwareDependent.obj
 0003:00000bd0       ?dCOM_y_e0@@3NA            1001ebd0     SoftwareDependent.obj
 0003:00000bd8       ?dCOM_x_e0@@3NA            1001ebd8     SoftwareDependent.obj
 0003:00000be0       ?dMin_eTOF@@3NA            1001ebe0     SoftwareDependent.obj
 0003:00000be8       ?dMax_eTOF@@3NA            1001ebe8     SoftwareDependent.obj
 0003:00000bf0       ?dDelta_T_width@@3NA       1001ebf0     SoftwareDependent.obj
 0003:00000bf8       ?dMax_e_Energy@@3NA        1001ebf8     SoftwareDependent.obj
 0003:00000c00       ?dD2@@3NA                  1001ec00     SoftwareDependent.obj
 0003:00000c08       ?dD1@@3NA                  1001ec08     SoftwareDependent.obj
 0003:00000c10       ?dL3@@3NA                  1001ec10     SoftwareDependent.obj
 0003:00000c18       ?dL2@@3NA                  1001ec18     SoftwareDependent.obj
 0003:00000c20       ?dL@@3NA                   1001ec20     SoftwareDependent.obj
 0003:00000c28       ?dBunch@@3NA               1001ec28     SoftwareDependent.obj
 0003:00000c30       ?dElectron_T0@@3NA         1001ec30     SoftwareDependent.obj
 0003:00000c38       ?dMagnetic_Field@@3NA      1001ec38     SoftwareDependent.obj
 0003:00000c40       ?dElectric_Field3@@3NA     1001ec40     SoftwareDependent.obj
 0003:00000c48       ?dElectric_Field2@@3NA     1001ec48     SoftwareDependent.obj
 0003:00000c50       ?dElectric_Field@@3NA      1001ec50     SoftwareDependent.obj
 0003:00000c58       ?dWidthPz@@3NA             1001ec58     SoftwareDependent.obj
 0003:00000c60       ?dWidthPy@@3NA             1001ec60     SoftwareDependent.obj
 0003:00000c68       ?dWidthPx@@3NA             1001ec68     SoftwareDependent.obj
 0003:00000c70       ?dMin_TOF@@3PANA           1001ec70     SoftwareDependent.obj
 0003:00000ca0       ?dMax_TOF@@3PANA           1001eca0     SoftwareDependent.obj
 0003:00000cd0       ?dCOM_z_width@@3NA         1001ecd0     SoftwareDependent.obj
 0003:00000cd8       ?dCOM_y_width@@3NA         1001ecd8     SoftwareDependent.obj
 0003:00000ce0       ?dCOM_x_width@@3NA         1001ece0     SoftwareDependent.obj
 0003:00000ce8       ?dCOM_y0@@3NA              1001ece8     SoftwareDependent.obj
 0003:00000cf0       ?dCOM_x0@@3NA              1001ecf0     SoftwareDependent.obj
 0003:00000cf8       ?dM@@3PANA                 1001ecf8     SoftwareDependent.obj
 0003:00000d18       ?dq@@3PANA                 1001ed18     SoftwareDependent.obj
 0003:00000d38       ?dT0@@3PANA                1001ed38     SoftwareDependent.obj
 0003:00000d58       ?dCorY@@3NA                1001ed58     SoftwareDependent.obj
 0003:00000d60       ?dCorX@@3NA                1001ed60     SoftwareDependent.obj
 0003:00000d68       ?dPixelSizeY@@3NA          1001ed68     SoftwareDependent.obj
 0003:00000d70       ?dPixelSizeX@@3NA          1001ed70     SoftwareDependent.obj
 0003:00000d78       ?dDelay@@3NA               1001ed78     SoftwareDependent.obj
 0003:00000d80       ?iPolarization@@3HA        1001ed80     SoftwareDependent.obj
 0003:00000d84       ?iCorrelation@@3HA         1001ed84     SoftwareDependent.obj
 0003:00000d88       ?iMaster@@3HA              1001ed88     SoftwareDependent.obj
 0003:00000d8c       ?iAnaIon@@3HA              1001ed8c     SoftwareDependent.obj
 0003:00000d90       ?iElectronP@@3HA           1001ed90     SoftwareDependent.obj
 0003:00000d94       ?iElectronEnergy@@3HA      1001ed94     SoftwareDependent.obj
 0003:00000d98       ?itElectron@@3HA           1001ed98     SoftwareDependent.obj
 0003:00000d9c       ?icom@@3HA                 1001ed9c     SoftwareDependent.obj
 0003:00000da0       ?iIonP@@3HA                1001eda0     SoftwareDependent.obj
 0003:00000da4       ?iIonEnergy@@3HA           1001eda4     SoftwareDependent.obj
 0003:00000da8       ?itIon@@3HA                1001eda8     SoftwareDependent.obj
 0003:00000dac       ?iStartTDC@@3HA            1001edac     SoftwareDependent.obj
 0003:00000db0       ?iHitPattern@@3HA          1001edb0     SoftwareDependent.obj
 0003:00000db4       ?iSqPos@@3HA               1001edb4     SoftwareDependent.obj
 0003:00000db8       ?iSumSq@@3HA               1001edb8     SoftwareDependent.obj
 0003:00000dbc       ?iSum@@3HA                 1001edbc     SoftwareDependent.obj
 0003:00000dc0       ?iPos@@3HA                 1001edc0     SoftwareDependent.obj
 0003:00000dc4       ?iTRUE@@3HA                1001edc4     SoftwareDependent.obj
 0003:00000dc8       ?iEventCounter@@3HA        1001edc8     SoftwareDependent.obj
 0003:00000dcc       ?iStartTDC1@@3HA           1001edcc     SoftwareDependent.obj
 0003:00000dd0       ?iNumberOfChannels@@3HA    1001edd0     SoftwareDependent.obj
 0003:00000dd4       ?iNumberOfHits@@3HA        1001edd4     SoftwareDependent.obj
 0003:00000dd8       ?fp_sel@@3PAU_iobuf@@A     1001edd8     SoftwareDependent.obj
 0003:00000ddc       ?fp_cor@@3PAU_iobuf@@A     1001eddc     SoftwareDependent.obj
 0003:00000de0       ?fp1@@3PAU_iobuf@@A        1001ede0     SoftwareDependent.obj
 0003:00000de8       ?dCOM_z0@@3NA              1001ede8     SoftwareDependent.obj
 0003:00000ea0       __afxForceEXCLUDE          1001eea0     mfcs42d:nolib.obj
 0003:00001f4c       __afxForceUSRDLL           1001ff4c     mfcs42d:dllmodul.obj
 0003:00001f50       ?ATL_CREATE_OBJECT@CComApartment@ATL@@2IA 1001ff50     mfcs42d:stdafx.obj
 0003:00001f58       ?m_libid@CComModule@ATL@@2U_GUID@@A 1001ff58     mfcs42d:stdafx.obj
 0003:00001f68       ?_pModule@ATL@@3PAVCComModule@1@A 1001ff68     mfcs42d:stdafx.obj
 0003:00001f6c       __afxForceSTDAFX           1001ff6c     mfcs42d:stdafx.obj
 0003:00001f74       __adjust_fdiv              1001ff74     <common>
 0003:00001f80       ___onexitend               1001ff80     <common>
 0003:00001f90       ___onexitbegin             1001ff90     <common>
 0004:00000000       __IMPORT_DESCRIPTOR_Cobold 10020000     Cobold:Cobold.dll
 0004:00000014       __IMPORT_DESCRIPTOR_MFC42D 10020014     mfc42d:MFC42D.DLL
 0004:00000028       __IMPORT_DESCRIPTOR_MSVCRTD 10020028     msvcrtd:MSVCRTD.dll
 0004:0000003c       __IMPORT_DESCRIPTOR_KERNEL32 1002003c     kernel32:KERNEL32.dll
 0004:00000050       __NULL_IMPORT_DESCRIPTOR   10020050     Cobold:Cobold.dll
 0004:000002d0       __imp_?SetAt@CDoubleArray@@QAEXHN@Z 100202d0     Cobold:Cobold.dll
 0004:000002d4       __imp_?GetSize@CDoubleArray@@QBEHXZ 100202d4     Cobold:Cobold.dll
 0004:000002d8       __imp_?GetAt@CDoubleArray@@QBENH@Z 100202d8     Cobold:Cobold.dll
 0004:000002dc       \177Cobold_NULL_THUNK_DATA 100202dc     Cobold:Cobold.dll
 0004:00000308       __imp__LocalAlloc@8        10020308     kernel32:KERNEL32.dll
 0004:0000030c       __imp__LocalFree@4         1002030c     kernel32:KERNEL32.dll
 0004:00000310       \177KERNEL32_NULL_THUNK_DATA 10020310     kernel32:KERNEL32.dll
 0004:0000033c       __imp_?DoWaitCursor@CWinApp@@UAEXH@Z 1002033c     mfc42d:MFC42D.DLL
 0004:00000340       __imp_?DoMessageBox@CWinApp@@UAEHPBDII@Z 10020340     mfc42d:MFC42D.DLL
 0004:00000344       __imp_?SaveAllModified@CWinApp@@UAEHXZ 10020344     mfc42d:MFC42D.DLL
 0004:00000348       __imp_?InitApplication@CWinApp@@UAEHXZ 10020348     mfc42d:MFC42D.DLL
 0004:0000034c       __imp_?AddToRecentFileList@CWinApp@@UAEXPBD@Z 1002034c     mfc42d:MFC42D.DLL
 0004:00000350       __imp_?OpenDocumentFile@CWinApp@@UAEPAVCDocument@@PBD@Z 10020350     mfc42d:MFC42D.DLL
 0004:00000354       __imp_?Delete@CWinThread@@UAEXXZ 10020354     mfc42d:MFC42D.DLL
 0004:00000358       __imp_?GetMainWnd@CWinThread@@UAEPAVCWnd@@XZ 10020358     mfc42d:MFC42D.DLL
 0004:0000035c       __imp_?ProcessMessageFilter@CWinThread@@UAEHHPAUtagMSG@@@Z 1002035c     mfc42d:MFC42D.DLL
 0004:00000360       __imp_?ProcessWndProcException@CWinApp@@UAEJPAVCException@@PBUtagMSG@@@Z 10020360     mfc42d:MFC42D.DLL
 0004:00000364       __imp_?ExitInstance@CWinApp@@UAEHXZ 10020364     mfc42d:MFC42D.DLL
 0004:00000368       __imp_?IsIdleMessage@CWinThread@@UAEHPAUtagMSG@@@Z 10020368     mfc42d:MFC42D.DLL
 0004:0000036c       __imp_?OnIdle@CWinApp@@UAEHJ@Z 1002036c     mfc42d:MFC42D.DLL
 0004:00000370       __imp_?PumpMessage@CWinThread@@UAEHXZ 10020370     mfc42d:MFC42D.DLL
 0004:00000374       __imp_?PreTranslateMessage@CWinThread@@UAEHPAUtagMSG@@@Z 10020374     mfc42d:MFC42D.DLL
 0004:00000378       __imp_?Run@CWinApp@@UAEHXZ 10020378     mfc42d:MFC42D.DLL
 0004:0000037c       __imp_?InitInstance@CWinApp@@UAEHXZ 1002037c     mfc42d:MFC42D.DLL
 0004:00000380       __imp_?GetConnectionHook@CCmdTarget@@MAEPAUIConnectionPoint@@ABU_GUID@@@Z 10020380     mfc42d:MFC42D.DLL
 0004:00000384       __imp_?GetExtraConnectionPoints@CCmdTarget@@MAEHPAVCPtrArray@@@Z 10020384     mfc42d:MFC42D.DLL
 0004:00000388       __imp_?GetInterfaceHook@CCmdTarget@@UAEPAUIUnknown@@PBX@Z 10020388     mfc42d:MFC42D.DLL
 0004:0000038c       __imp_?OnCreateAggregates@CCmdTarget@@UAEHXZ 1002038c     mfc42d:MFC42D.DLL
 0004:00000390       __imp_?GetEventSinkMap@CCmdTarget@@MBEPBUAFX_EVENTSINKMAP@@XZ 10020390     mfc42d:MFC42D.DLL
 0004:00000394       __imp_?GetInterfaceMap@CCmdTarget@@MBEPBUAFX_INTERFACEMAP@@XZ 10020394     mfc42d:MFC42D.DLL
 0004:00000398       __imp_?GetConnectionMap@CCmdTarget@@MBEPBUAFX_CONNECTIONMAP@@XZ 10020398     mfc42d:MFC42D.DLL
 0004:0000039c       __imp_?GetDispatchMap@CCmdTarget@@MBEPBUAFX_DISPMAP@@XZ 1002039c     mfc42d:MFC42D.DLL
 0004:000003a0       __imp_?GetCommandMap@CCmdTarget@@MBEPBUAFX_OLECMDMAP@@XZ 100203a0     mfc42d:MFC42D.DLL
 0004:000003a4       __imp_?GetTypeLib@CCmdTarget@@UAEJKPAPAUITypeLib@@@Z 100203a4     mfc42d:MFC42D.DLL
 0004:000003a8       __imp_?GetTypeLibCache@CCmdTarget@@UAEPAVCTypeLibCache@@XZ 100203a8     mfc42d:MFC42D.DLL
 0004:000003ac       __imp_?GetTypeInfoCount@CCmdTarget@@UAEIXZ 100203ac     mfc42d:MFC42D.DLL
 0004:000003b0       __imp_?OnDDECommand@CWinApp@@UAEHPAD@Z 100203b0     mfc42d:MFC42D.DLL
 0004:000003b4       __imp_?IsInvokeAllowed@CCmdTarget@@UAEHJ@Z 100203b4     mfc42d:MFC42D.DLL
 0004:000003b8       __imp_?OnFinalRelease@CCmdTarget@@UAEXXZ 100203b8     mfc42d:MFC42D.DLL
 0004:000003bc       __imp_?OnCmdMsg@CCmdTarget@@UAEHIHPAXPAUAFX_CMDHANDLERINFO@@@Z 100203bc     mfc42d:MFC42D.DLL
 0004:000003c0       __imp_?Dump@CWinApp@@UBEXAAVCDumpContext@@@Z 100203c0     mfc42d:MFC42D.DLL
 0004:000003c4       __imp_?AssertValid@CWinApp@@UBEXXZ 100203c4     mfc42d:MFC42D.DLL
 0004:000003c8       __imp_?Serialize@CObject@@UAEXAAVCArchive@@@Z 100203c8     mfc42d:MFC42D.DLL
 0004:000003cc       __imp_?GetRuntimeClass@CWinApp@@UBEPAUCRuntimeClass@@XZ 100203cc     mfc42d:MFC42D.DLL
 0004:000003d0       __imp_??0CWinApp@@QAE@PBD@Z 100203d0     mfc42d:MFC42D.DLL
 0004:000003d4       __imp_??3CObject@@SGXPAX@Z 100203d4     mfc42d:MFC42D.DLL
 0004:000003d8       __imp_??1CWinApp@@UAE@XZ   100203d8     mfc42d:MFC42D.DLL
 0004:000003dc       __imp_?AfxGetThreadState@@YGPAV_AFX_THREAD_STATE@@XZ 100203dc     mfc42d:MFC42D.DLL
 0004:000003e0       __imp_?AfxCoreInitModule@@YGXXZ 100203e0     mfc42d:MFC42D.DLL
 0004:000003e4       __imp_?AfxWinInit@@YGHPAUHINSTANCE__@@0PADH@Z 100203e4     mfc42d:MFC42D.DLL
 0004:000003e8       __imp_?AfxWinTerm@@YGXXZ   100203e8     mfc42d:MFC42D.DLL
 0004:000003ec       __imp_?AfxGetApp@@YGPAVCWinApp@@XZ 100203ec     mfc42d:MFC42D.DLL
 0004:000003f0       __imp_?AfxInitExtensionModule@@YGHAAUAFX_EXTENSION_MODULE@@PAUHINSTANCE__@@@Z 100203f0     mfc42d:MFC42D.DLL
 0004:000003f4       __imp_?AfxAssertFailedLine@@YGHPBDH@Z 100203f4     mfc42d:MFC42D.DLL
 0004:000003f8       __imp_??2CObject@@SGPAXIPBDH@Z 100203f8     mfc42d:MFC42D.DLL
 0004:000003fc       __imp_??0CDynLinkLibrary@@QAE@AAUAFX_EXTENSION_MODULE@@H@Z 100203fc     mfc42d:MFC42D.DLL
 0004:00000400       __imp_?AfxSetModuleState@@YGPAVAFX_MODULE_STATE@@PAV1@@Z 10020400     mfc42d:MFC42D.DLL
 0004:00000404       __imp_?AfxGetModuleThreadState@@YGPAVAFX_MODULE_THREAD_STATE@@XZ 10020404     mfc42d:MFC42D.DLL
 0004:00000408       __imp_?AfxTrace@@YAXPBDZZ  10020408     mfc42d:MFC42D.DLL
 0004:0000040c       __imp_?AfxLockTempMaps@@YGXXZ 1002040c     mfc42d:MFC42D.DLL
 0004:00000410       __imp_?AfxUnlockTempMaps@@YGHH@Z 10020410     mfc42d:MFC42D.DLL
 0004:00000414       __imp_?AfxTermExtensionModule@@YGXAAUAFX_EXTENSION_MODULE@@H@Z 10020414     mfc42d:MFC42D.DLL
 0004:00000418       __imp_?AfxTermThread@@YGXPAUHINSTANCE__@@@Z 10020418     mfc42d:MFC42D.DLL
 0004:0000041c       __imp_??0AFX_MAINTAIN_STATE2@@QAE@PAVAFX_MODULE_STATE@@@Z 1002041c     mfc42d:MFC42D.DLL
 0004:00000420       __imp_?AfxWndProc@@YGJPAUHWND__@@IIJ@Z 10020420     mfc42d:MFC42D.DLL
 0004:00000424       __imp_??1AFX_MAINTAIN_STATE2@@QAE@XZ 10020424     mfc42d:MFC42D.DLL
 0004:00000428       __imp_??1AFX_MODULE_STATE@@UAE@XZ 10020428     mfc42d:MFC42D.DLL
 0004:0000042c       __imp_??3CNoTrackObject@@SGXPAX@Z 1002042c     mfc42d:MFC42D.DLL
 0004:00000430       __imp_??0AFX_MODULE_STATE@@QAE@HP6GJPAUHWND__@@IIJ@ZK@Z 10020430     mfc42d:MFC42D.DLL
 0004:00000434       __imp_?WinHelpA@CWinApp@@UAEXKI@Z 10020434     mfc42d:MFC42D.DLL
 0004:00000438       __imp_?messageMap@CWinApp@@1UAFX_MSGMAP@@B 10020438     mfc42d:MFC42D.DLL
 0004:0000043c       __imp_?GetDispatchIID@CCmdTarget@@UAEHPAU_GUID@@@Z 1002043c     mfc42d:MFC42D.DLL
 0004:00000440       \177MFC42D_NULL_THUNK_DATA 10020440     mfc42d:MFC42D.DLL
 0004:000004a0       __imp_??1type_info@@UAE@XZ 100204a0     msvcrtd:MSVCRTD.dll
 0004:000004a4       __imp_??3@YAXPAX@Z         100204a4     msvcrtd:MSVCRTD.dll
 0004:000004a8       __imp___adjust_fdiv        100204a8     msvcrtd:MSVCRTD.dll
 0004:000004ac       __imp___malloc_dbg         100204ac     msvcrtd:MSVCRTD.dll
 0004:000004b0       __imp___initterm           100204b0     msvcrtd:MSVCRTD.dll
 0004:000004b4       __imp___free_dbg           100204b4     msvcrtd:MSVCRTD.dll
 0004:000004b8       __imp___onexit             100204b8     msvcrtd:MSVCRTD.dll
 0004:000004bc       __imp____dllonexit         100204bc     msvcrtd:MSVCRTD.dll
 0004:000004c0       __imp____CxxFrameHandler   100204c0     msvcrtd:MSVCRTD.dll
 0004:000004c4       __imp__atan2               100204c4     msvcrtd:MSVCRTD.dll
 0004:000004c8       __imp__fwrite              100204c8     msvcrtd:MSVCRTD.dll
 0004:000004cc       __imp__fopen               100204cc     msvcrtd:MSVCRTD.dll
 0004:000004d0       __imp__fprintf             100204d0     msvcrtd:MSVCRTD.dll
 0004:000004d4       __imp__fclose              100204d4     msvcrtd:MSVCRTD.dll
 0004:000004d8       __imp__fscanf              100204d8     msvcrtd:MSVCRTD.dll
 0004:000004dc       __imp__abs                 100204dc     msvcrtd:MSVCRTD.dll
 0004:000004e0       __imp__sqrt                100204e0     msvcrtd:MSVCRTD.dll
 0004:000004e4       __imp__fabs                100204e4     msvcrtd:MSVCRTD.dll
 0004:000004e8       __imp__acos                100204e8     msvcrtd:MSVCRTD.dll
 0004:000004ec       __imp__sin                 100204ec     msvcrtd:MSVCRTD.dll
 0004:000004f0       __imp__cos                 100204f0     msvcrtd:MSVCRTD.dll
 0004:000004f4       __imp__fmod                100204f4     msvcrtd:MSVCRTD.dll
 0004:000004f8       __imp___ftol               100204f8     msvcrtd:MSVCRTD.dll
 0004:000004fc       __imp__rand                100204fc     msvcrtd:MSVCRTD.dll
 0004:00000500       \177MSVCRTD_NULL_THUNK_DATA 10020500     msvcrtd:MSVCRTD.dll

 entry point at        0001:00009100

